
 Start  Stop   Length Name               Class

 00000H 000D0H 000D1H _TEXT              CODE
 000D2H 000DAH 00009H _DATA              DATA
 000E0H 001DFH 00100H STACK              STACK

Detailed map of segments

0000:0000 00D1 C=CODE S=_TEXT G=(none) M=TAREA301.ASM ACBP=48
000D:0002 0009 C=DATA S=_DATA G=DGROUP M=TAREA301.ASM ACBP=48
000E:0000 0100 C=STACK S=STACK G=DGROUP M=TAREA301.ASM ACBP=74

  Address         Publics by Name


  Address         Publics by Value


Line numbers for tAREA301.obj(TAREA301.ASM) segment _TEXT

    22 0000:0000    23 0000:0003    25 0000:0005    26 0000:0007
    27 0000:0009    28 0000:000B    29 0000:000E    30 0000:0010
    31 0000:0013    32 0000:0015    33 0000:0017    34 0000:0019
    35 0000:001D    36 0000:001F    37 0000:0021    38 0000:0023
    39 0000:0024    40 0000:0027    41 0000:002A    42 0000:002C
    43 0000:002F    44 0000:0030    45 0000:0034    46 0000:0036
    47 0000:0038    48 0000:003A    49 0000:003B    50 0000:003E
    51 0000:0041    52 0000:0043    53 0000:0046    54 0000:0047
    56 0000:004B    57 0000:004D    58 0000:004F    59 0000:0051
    60 0000:0054    61 0000:0056    62 0000:0059    63 0000:005B
    64 0000:005D    65 0000:005F    66 0000:0063    67 0000:0065
    68 0000:0067    69 0000:0069    70 0000:006A    71 0000:006D
    72 0000:0070    73 0000:0072    74 0000:0075    75 0000:0076
    76 0000:007A    77 0000:007C    78 0000:007E    79 0000:0080
    80 0000:0081    81 0000:0084    82 0000:0087    83 0000:0089
    84 0000:008C    85 0000:008D    86 0000:0091    87 0000:0094
    88 0000:0098    89 0000:009B    90 0000:009D    93 0000:00A0
    94 0000:00A2    95 0000:00A5   108 0000:00A7   109 0000:00A8
   110 0000:00A9   111 0000:00AB   112 0000:00AC   113 0000:00AD
   114 0000:00AF   115 0000:00B1   117 0000:00B4   118 0000:00B8
   119 0000:00BB   120 0000:00BF   121 0000:00C2   122 0000:00C4
   123 0000:00C7   124 0000:00CB   125 0000:00CD   128 0000:00CF
   134 0000:00D0
Program entry point at 0000:0000

